// Jest Snapshot v1, https://goo.gl/fbAQLP

exports[`ListItem given a \`todo\` Click on \`Edit\` button edit text and submit has the expected html structure 1`] = `
<li>
  <div
    class="itemContainer"
  >
    <span
      class="messageSection"
    >
      <span>
        Moi
      </span>
    </span>
     
    <div
      class="mb5"
    >
      <span
        class="buttonContainer"
      >
        <a>
          <img
            class="icon"
            src="../assets/edit_circ.png"
            title="Edit"
          />
        </a>
         
        <span
          class="space"
        />
         
        <a>
          <img
            class="icon"
            src="../assets/delete_circ.png"
            title="Delete"
          />
        </a>
      </span>
       
      <!---->
    </div>
  </div>
</li>
`;

exports[`ListItem given a \`todo\` has the expected html structure 1`] = `
<li>
  <div
    class="itemContainer"
  >
    <span
      class="messageSection"
    >
      <span>
        Foo
      </span>
    </span>
     
    <div
      class="mb5"
    >
      <span
        class="buttonContainer"
      >
        <a>
          <img
            class="icon"
            src="../assets/edit_circ.png"
            title="Edit"
          />
        </a>
         
        <span
          class="space"
        />
         
        <a>
          <img
            class="icon"
            src="../assets/delete_circ.png"
            title="Delete"
          />
        </a>
      </span>
       
      <!---->
    </div>
  </div>
</li>
`;
